{"type":"server-started","port":56758,"host":"127.0.0.1","url_host":"localhost","url":"http://localhost:56758","screen_dir":"/Users/alejandrorodriguez/Desktop/Agente-Whats-Cotizaciones/.superpowers/brainstorm/54028-1779509918/content","state_dir":"/Users/alejandrorodriguez/Desktop/Agente-Whats-Cotizaciones/.superpowers/brainstorm/54028-1779509918/state"}
{"type":"screen-added","file":"/Users/alejandrorodriguez/Desktop/Agente-Whats-Cotizaciones/.superpowers/brainstorm/54028-1779509918/content/layout.html"}
{"type":"screen-updated","file":"/Users/alejandrorodriguez/Desktop/Agente-Whats-Cotizaciones/.superpowers/brainstorm/54028-1779509918/content/layout.html"}
{"type":"screen-updated","file":"/Users/alejandrorodriguez/Desktop/Agente-Whats-Cotizaciones/.superpowers/brainstorm/54028-1779509918/content/layout.html"}
{"type":"screen-updated","file":"/Users/alejandrorodriguez/Desktop/Agente-Whats-Cotizaciones/.superpowers/brainstorm/54028-1779509918/content/layout.html"}
{"source":"user-event","type":"click","text":"⛅ Buenos días\n          Doctora Franyelis\n          \n            3 turnos hoy\n            2 pendientes\n          \n        \n        \n        \n          Inicio\n          Mensajes\n          Turnos\n          Cotiz.\n        \n        \n        \n          \n            Pacientes\n            48\n          \n          \n            Ingresos\n            $320\n          \n          \n            Turnos\n            3\n          \n        \n      \n    \n    \n      C — Hero banner + Pills\n      Banner de bienvenida prominente en la parte superior. Navegación en pills redondeadas. Stats con acento de color en la parte superior de cada card. Muy limpio y visual.","choice":"c","id":null,"timestamp":1779510182591}
{"source":"user-event","type":"click","text":"⛅ Buenos días\n          Doctora Franyelis\n          \n            3 turnos hoy\n            2 pendientes\n          \n        \n        \n        \n          Inicio\n          Mensajes\n          Turnos\n          Cotiz.\n        \n        \n        \n          \n            Pacientes\n            48\n          \n          \n            Ingresos\n            $320\n          \n          \n            Turnos\n            3\n          \n        \n      \n    \n    \n      C — Hero banner + Pills\n      Banner de bienvenida prominente en la parte superior. Navegación en pills redondeadas. Stats con acento de color en la parte superior de cada card. Muy limpio y visual.","choice":"c","id":null,"timestamp":1779510187917}
{"type":"screen-added","file":"/Users/alejandrorodriguez/Desktop/Agente-Whats-Cotizaciones/.superpowers/brainstorm/54028-1779509918/content/paleta.html"}
{"type":"screen-updated","file":"/Users/alejandrorodriguez/Desktop/Agente-Whats-Cotizaciones/.superpowers/brainstorm/54028-1779509918/content/paleta.html"}
{"type":"screen-updated","file":"/Users/alejandrorodriguez/Desktop/Agente-Whats-Cotizaciones/.superpowers/brainstorm/54028-1779509918/content/paleta.html"}
{"type":"screen-updated","file":"/Users/alejandrorodriguez/Desktop/Agente-Whats-Cotizaciones/.superpowers/brainstorm/54028-1779509918/content/paleta.html"}
{"type":"screen-added","file":"/Users/alejandrorodriguez/Desktop/Agente-Whats-Cotizaciones/.superpowers/brainstorm/54028-1779509918/content/paleta-azul.html"}
{"type":"screen-updated","file":"/Users/alejandrorodriguez/Desktop/Agente-Whats-Cotizaciones/.superpowers/brainstorm/54028-1779509918/content/paleta-azul.html"}
{"type":"screen-updated","file":"/Users/alejandrorodriguez/Desktop/Agente-Whats-Cotizaciones/.superpowers/brainstorm/54028-1779509918/content/paleta-azul.html"}
{"type":"screen-updated","file":"/Users/alejandrorodriguez/Desktop/Agente-Whats-Cotizaciones/.superpowers/brainstorm/54028-1779509918/content/paleta-azul.html"}
{"type":"screen-added","file":"/Users/alejandrorodriguez/Desktop/Agente-Whats-Cotizaciones/.superpowers/brainstorm/54028-1779509918/content/mockup-marino.html"}
{"type":"screen-updated","file":"/Users/alejandrorodriguez/Desktop/Agente-Whats-Cotizaciones/.superpowers/brainstorm/54028-1779509918/content/mockup-marino.html"}
{"type":"screen-updated","file":"/Users/alejandrorodriguez/Desktop/Agente-Whats-Cotizaciones/.superpowers/brainstorm/54028-1779509918/content/mockup-marino.html"}
{"type":"screen-updated","file":"/Users/alejandrorodriguez/Desktop/Agente-Whats-Cotizaciones/.superpowers/brainstorm/54028-1779509918/content/mockup-marino.html"}
{"type":"screen-added","file":"/Users/alejandrorodriguez/Desktop/Agente-Whats-Cotizaciones/.superpowers/brainstorm/54028-1779509918/content/mockup-purple.html"}
{"type":"screen-updated","file":"/Users/alejandrorodriguez/Desktop/Agente-Whats-Cotizaciones/.superpowers/brainstorm/54028-1779509918/content/mockup-purple.html"}
{"type":"screen-updated","file":"/Users/alejandrorodriguez/Desktop/Agente-Whats-Cotizaciones/.superpowers/brainstorm/54028-1779509918/content/mockup-purple.html"}
{"type":"screen-updated","file":"/Users/alejandrorodriguez/Desktop/Agente-Whats-Cotizaciones/.superpowers/brainstorm/54028-1779509918/content/mockup-purple.html"}
{"type":"screen-added","file":"/Users/alejandrorodriguez/Desktop/Agente-Whats-Cotizaciones/.superpowers/brainstorm/54028-1779509918/content/paletas-v3.html"}
{"type":"screen-updated","file":"/Users/alejandrorodriguez/Desktop/Agente-Whats-Cotizaciones/.superpowers/brainstorm/54028-1779509918/content/paletas-v3.html"}
{"type":"screen-updated","file":"/Users/alejandrorodriguez/Desktop/Agente-Whats-Cotizaciones/.superpowers/brainstorm/54028-1779509918/content/paletas-v3.html"}
{"type":"screen-updated","file":"/Users/alejandrorodriguez/Desktop/Agente-Whats-Cotizaciones/.superpowers/brainstorm/54028-1779509918/content/paletas-v3.html"}
{"type":"screen-added","file":"/Users/alejandrorodriguez/Desktop/Agente-Whats-Cotizaciones/.superpowers/brainstorm/54028-1779509918/content/paletas-periwinkle.html"}
{"type":"screen-updated","file":"/Users/alejandrorodriguez/Desktop/Agente-Whats-Cotizaciones/.superpowers/brainstorm/54028-1779509918/content/paletas-periwinkle.html"}
{"type":"screen-updated","file":"/Users/alejandrorodriguez/Desktop/Agente-Whats-Cotizaciones/.superpowers/brainstorm/54028-1779509918/content/paletas-periwinkle.html"}
{"type":"screen-updated","file":"/Users/alejandrorodriguez/Desktop/Agente-Whats-Cotizaciones/.superpowers/brainstorm/54028-1779509918/content/paletas-periwinkle.html"}
{"type":"screen-added","file":"/Users/alejandrorodriguez/Desktop/Agente-Whats-Cotizaciones/.superpowers/brainstorm/54028-1779509918/content/paletas-grises.html"}
{"type":"screen-updated","file":"/Users/alejandrorodriguez/Desktop/Agente-Whats-Cotizaciones/.superpowers/brainstorm/54028-1779509918/content/paletas-grises.html"}
{"type":"screen-updated","file":"/Users/alejandrorodriguez/Desktop/Agente-Whats-Cotizaciones/.superpowers/brainstorm/54028-1779509918/content/paletas-grises.html"}
{"type":"screen-updated","file":"/Users/alejandrorodriguez/Desktop/Agente-Whats-Cotizaciones/.superpowers/brainstorm/54028-1779509918/content/paletas-grises.html"}
{"type":"screen-added","file":"/Users/alejandrorodriguez/Desktop/Agente-Whats-Cotizaciones/.superpowers/brainstorm/54028-1779509918/content/hero-horarios.html"}
{"type":"screen-updated","file":"/Users/alejandrorodriguez/Desktop/Agente-Whats-Cotizaciones/.superpowers/brainstorm/54028-1779509918/content/hero-horarios.html"}
{"type":"screen-updated","file":"/Users/alejandrorodriguez/Desktop/Agente-Whats-Cotizaciones/.superpowers/brainstorm/54028-1779509918/content/hero-horarios.html"}
{"type":"screen-updated","file":"/Users/alejandrorodriguez/Desktop/Agente-Whats-Cotizaciones/.superpowers/brainstorm/54028-1779509918/content/hero-horarios.html"}
{"type":"screen-added","file":"/Users/alejandrorodriguez/Desktop/Agente-Whats-Cotizaciones/.superpowers/brainstorm/54028-1779509918/content/hero-horarios-v2.html"}
{"type":"screen-updated","file":"/Users/alejandrorodriguez/Desktop/Agente-Whats-Cotizaciones/.superpowers/brainstorm/54028-1779509918/content/hero-horarios-v2.html"}
{"type":"screen-updated","file":"/Users/alejandrorodriguez/Desktop/Agente-Whats-Cotizaciones/.superpowers/brainstorm/54028-1779509918/content/hero-horarios-v2.html"}
{"type":"screen-updated","file":"/Users/alejandrorodriguez/Desktop/Agente-Whats-Cotizaciones/.superpowers/brainstorm/54028-1779509918/content/hero-horarios-v2.html"}
{"type":"screen-added","file":"/Users/alejandrorodriguez/Desktop/Agente-Whats-Cotizaciones/.superpowers/brainstorm/54028-1779509918/content/waiting.html"}
{"type":"screen-updated","file":"/Users/alejandrorodriguez/Desktop/Agente-Whats-Cotizaciones/.superpowers/brainstorm/54028-1779509918/content/waiting.html"}
{"type":"screen-updated","file":"/Users/alejandrorodriguez/Desktop/Agente-Whats-Cotizaciones/.superpowers/brainstorm/54028-1779509918/content/waiting.html"}
{"type":"screen-updated","file":"/Users/alejandrorodriguez/Desktop/Agente-Whats-Cotizaciones/.superpowers/brainstorm/54028-1779509918/content/waiting.html"}
{"type":"server-stopped","reason":"owner process exited"}
